error: encountered unknown ink! attribute argument: payable
 --> tests/ui/contract/fail/constructor-payable-invalid-2.rs:7:28
  |
7 |         #[ink(constructor, payable = false)]
  |                            ^^^^^^^
